
 NX   Cannot find configuration for task access-layer:build

Pass --verbose to see the stacktrace.

